POST /api/auth/login 7/4/2026, 9:57:38 pm
POST /api/auth/login 7/4/2026, 9:57:40 pm
POST /api/auth/login 7/4/2026, 9:57:41 pm
POST /api/auth/login 7/4/2026, 9:57:41 pm
POST /api/auth/login 7/4/2026, 9:57:41 pm
GET / 7/4/2026, 9:57:55 pm
GET / 7/4/2026, 9:57:57 pm
GET / 7/4/2026, 9:58:16 pm
POST /api/auth/login 7/4/2026, 9:58:53 pm
POST /api/auth/login 7/4/2026, 9:58:53 pm
POST /api/auth/login 7/4/2026, 9:58:54 pm
POST /api/auth/login 7/4/2026, 9:58:54 pm
POST /api/auth/login 7/4/2026, 9:58:54 pm
POST /api/auth/login 7/4/2026, 9:58:54 pm
POST /api/auth/index 7/4/2026, 9:59:22 pm
POST /api/auth/index 7/4/2026, 9:59:22 pm
POST /api/auth/index 7/4/2026, 9:59:22 pm
POST /api/auth/login 7/4/2026, 10:01:56 pm
POST /api/auth/login 7/4/2026, 10:01:57 pm
POST /api/auth/login 7/4/2026, 10:01:58 pm
POST /api/auth/login 7/4/2026, 10:01:59 pm
[ACCESS] POST /api/auth/login 2026-04-07T16:37:05.130Z
[ACCESS] POST /api/auth/register 2026-04-07T16:40:24.060Z
[ACCESS] POST /api/auth/login 2026-04-07T16:40:32.372Z
[ACCESS] POST /api/auth/register 2026-04-07T16:50:05.337Z
[ACCESS] POST /api/auth/login 2026-04-07T16:50:11.544Z
[ACCESS] GET /api/users 2026-04-07T16:50:13.514Z
[ACCESS] POST /api/users 2026-04-07T16:50:16.858Z
[ACCESS] POST /api/users 2026-04-07T16:50:21.885Z
